// Jest Snapshot v1, https://goo.gl/fbAQLP

exports[`getBabelPluginImportList 转换正常 1`] = `
"import _de from \\"date-fns/esm/locale/de\\";
import _getDay from \\"date-fns/esm/getDay\\";
import _zhCN from \\"date-fns/esm/locale/zhCN\\";
import _getDate from \\"date-fns/esm/getDate\\";
import _anyToDate from \\"vtils/date/anyToDate\\";
import _getTopBarInfo from \\"vtils/mp/getTopBarInfo\\";
import _delay from \\"lodash-es/delay\\";
import _sampleBy from \\"../utils/sampleBy\\";
import _wait from \\"../utils/wait\\";
import _uniq from \\"lodash-es/uniq\\";
import _sampleIndex from \\"vtils/utils/sampleIndex\\";
import _sample from \\"lodash-es/sample\\";
console.log(_sample, _sampleIndex, _wait, _sampleBy, _anyToDate, _getDate, _zhCN, _getDay, _de, _uniq, _getTopBarInfo, _delay);"
`;
